// Jest Snapshot v1, https://goo.gl/fbAQLP

exports[`renders correctly 1`] = `
<div
  className="MuiFormControl-root MuiTextField-root css-1u3bzj6-MuiFormControl-root-MuiTextField-root"
  field={
    Object {
      "name": "fname",
      "onBlur": [Function],
      "onChange": [Function],
      "value": undefined,
    }
  }
  form={
    Object {
      "dirty": false,
      "errors": Object {},
      "getFieldHelpers": [Function],
      "getFieldMeta": [Function],
      "getFieldProps": [Function],
      "handleBlur": [Function],
      "handleChange": [Function],
      "handleReset": [Function],
      "handleSubmit": [Function],
      "initialErrors": Object {},
      "initialStatus": undefined,
      "initialTouched": Object {},
      "initialValues": undefined,
      "isSubmitting": false,
      "isValid": true,
      "isValidating": false,
      "registerField": [Function],
      "resetForm": [Function],
      "setErrors": [Function],
      "setFieldError": [Function],
      "setFieldTouched": [Function],
      "setFieldValue": [Function],
      "setFormikState": [Function],
      "setStatus": [Function],
      "setSubmitting": [Function],
      "setTouched": [Function],
      "setValues": [Function],
      "status": undefined,
      "submitCount": 0,
      "submitForm": [Function],
      "touched": Object {},
      "unregisterField": [Function],
      "validateField": [Function],
      "validateForm": [Function],
      "validateOnBlur": true,
      "validateOnChange": true,
      "validateOnMount": false,
      "values": undefined,
    }
  }
  style={
    Object {
      "width": 300,
    }
  }
>
  <div
    className="MuiOutlinedInput-root MuiInputBase-root MuiInputBase-colorPrimary MuiInputBase-formControl css-9ddj71-MuiInputBase-root-MuiOutlinedInput-root"
    onClick={[Function]}
  >
    <input
      aria-invalid={false}
      autoFocus={false}
      className="MuiOutlinedInput-input MuiInputBase-input css-1t8l2tu-MuiInputBase-input-MuiOutlinedInput-input"
      disabled={false}
      id="input-text"
      onAnimationStart={[Function]}
      onBlur={[Function]}
      onChange={[Function]}
      onFocus={[Function]}
      required={false}
      type="text"
    />
    <fieldset
      aria-hidden={true}
      className="MuiOutlinedInput-notchedOutline css-1d3z3hw-MuiOutlinedInput-notchedOutline"
    >
      <legend
        className="css-nnbavb"
      >
        <span
          className="notranslate"
          dangerouslySetInnerHTML={
            Object {
              "__html": "&#8203;",
            }
          }
        />
      </legend>
    </fieldset>
  </div>
</div>
`;
